// Jest Snapshot v1, https://goo.gl/fbAQLP

exports[`WelcomeScreen should match snapshot 1`] = `
<RNCSafeAreaView
  className="flex-1 bg-white"
  edges={
    {
      "bottom": "additive",
      "left": "additive",
      "right": "additive",
      "top": "additive",
    }
  }
  testID="safe-area-view"
>
  <View
    className="flex-1 px-6"
    testID="main-view"
  >
    <View
      className="w-full items-end py-4"
      testID="header-view"
    >
      <View
        accessibilityState={
          {
            "busy": undefined,
            "checked": undefined,
            "disabled": undefined,
            "expanded": undefined,
            "selected": undefined,
          }
        }
        accessibilityValue={
          {
            "max": undefined,
            "min": undefined,
            "now": undefined,
            "text": undefined,
          }
        }
        accessible={true}
        collapsable={false}
        focusable={true}
        onClick={[Function]}
        onResponderGrant={[Function]}
        onResponderMove={[Function]}
        onResponderRelease={[Function]}
        onResponderTerminate={[Function]}
        onResponderTerminationRequest={[Function]}
        onStartShouldSetResponder={[Function]}
        style={
          {
            "opacity": 1,
          }
        }
      >
        <Text
          className="text-gray-500 text-base"
        >
          Skip
        </Text>
      </View>
    </View>
    <View
      className="w-full items-center justify-center"
      style={
        {
          "height": 533.6,
        }
      }
      testID="image-view"
    >
      <Image
        className="w-full h-full"
        resizeMode="contain"
        source={
          {
            "uri": "https://images.unsplash.com/photo-1515073838964-4d4d56a58b21?w=900&auto=format&fit=crop&q=60&ixlib=rb-4.1.0",
          }
        }
        style={
          {
            "maxHeight": 533.6,
            "width": 600,
          }
        }
        testID="image-view-image"
      />
    </View>
    <View
      className="flex-1 items-center justify-center mt-8 gap-4"
      testID="content-view"
    >
      <Text
        className="text-2xl font-bold text-gray-900 text-center px-4"
        testID="content-view-title"
      >
        Welcome to Oopsly
      </Text>
      <Text
        className="text-base text-gray-600 text-center px-4 max-w-[300px]"
        testID="content-view-subtitle"
      >
        The smart way to study and retain information efficiently
      </Text>
    </View>
    <View
      className="flex-row justify-center items-center gap-2 my-8"
      testID="pagination-dots-view"
    >
      <View
        className="h-2 rounded-full w-6 bg-[#5B5BFD]"
        testID="pagination-dot-0"
      />
      <View
        className="h-2 rounded-full w-2 bg-gray-200"
        testID="pagination-dot-1"
      />
      <View
        className="h-2 rounded-full w-2 bg-gray-200"
        testID="pagination-dot-2"
      />
    </View>
    <View
      className="flex-row items-center justify-between pb-8"
      testID="bottom-navigation-view"
    >
      <View
        accessibilityState={
          {
            "busy": undefined,
            "checked": undefined,
            "disabled": true,
            "expanded": undefined,
            "selected": undefined,
          }
        }
        accessibilityValue={
          {
            "max": undefined,
            "min": undefined,
            "now": undefined,
            "text": undefined,
          }
        }
        accessible={true}
        collapsable={false}
        focusable={false}
        onClick={[Function]}
        onResponderGrant={[Function]}
        onResponderMove={[Function]}
        onResponderRelease={[Function]}
        onResponderTerminate={[Function]}
        onResponderTerminationRequest={[Function]}
        onStartShouldSetResponder={[Function]}
        style={
          {
            "elevation": 5,
            "opacity": 1,
            "shadowColor": "#5B5BFD",
            "shadowOffset": {
              "height": 4,
              "width": 0,
            },
            "shadowOpacity": 0.3,
            "shadowRadius": 8,
          }
        }
        testID="back-button"
      >
        <RNSVGSvgView
          align="xMidYMid"
          bbHeight={24}
          bbWidth={24}
          fill="none"
          focusable={false}
          height={24}
          meetOrSlice={0}
          minX={0}
          minY={0}
          stroke="transparent"
          strokeLinecap="round"
          strokeLinejoin="round"
          strokeWidth={2}
          style={
            [
              {
                "backgroundColor": "transparent",
                "borderWidth": 0,
              },
              {
                "flex": 0,
                "height": 24,
                "width": 24,
              },
            ]
          }
          vbHeight={24}
          vbWidth={24}
          width={24}
          xmlns="http://www.w3.org/2000/svg"
        >
          <RNSVGGroup
            fill={null}
            propList={
              [
                "fill",
                "stroke",
                "strokeWidth",
                "strokeLinecap",
                "strokeLinejoin",
              ]
            }
            stroke={
              {
                "payload": 0,
                "type": 0,
              }
            }
            strokeLinecap={1}
            strokeLinejoin={1}
            strokeWidth={2}
          >
            <RNSVGPath
              d="m15 18-6-6 6-6"
              fill={null}
              propList={
                [
                  "fill",
                  "stroke",
                  "strokeWidth",
                  "strokeLinecap",
                  "strokeLinejoin",
                ]
              }
              stroke={
                {
                  "payload": 0,
                  "type": 0,
                }
              }
              strokeLinecap={1}
              strokeLinejoin={1}
              strokeWidth={2}
            />
          </RNSVGGroup>
        </RNSVGSvgView>
      </View>
      <View
        accessibilityState={
          {
            "busy": undefined,
            "checked": undefined,
            "disabled": undefined,
            "expanded": undefined,
            "selected": undefined,
          }
        }
        accessibilityValue={
          {
            "max": undefined,
            "min": undefined,
            "now": undefined,
            "text": undefined,
          }
        }
        accessible={true}
        collapsable={false}
        focusable={true}
        onClick={[Function]}
        onResponderGrant={[Function]}
        onResponderMove={[Function]}
        onResponderRelease={[Function]}
        onResponderTerminate={[Function]}
        onResponderTerminationRequest={[Function]}
        onStartShouldSetResponder={[Function]}
        style={
          {
            "elevation": 5,
            "opacity": 1,
            "shadowColor": "#5B5BFD",
            "shadowOffset": {
              "height": 4,
              "width": 0,
            },
            "shadowOpacity": 0.3,
            "shadowRadius": 8,
          }
        }
        testID="next-button"
      >
        <RNSVGSvgView
          align="xMidYMid"
          bbHeight={24}
          bbWidth={24}
          fill="none"
          focusable={false}
          height={24}
          meetOrSlice={0}
          minX={0}
          minY={0}
          stroke="white"
          strokeLinecap="round"
          strokeLinejoin="round"
          strokeWidth={2}
          style={
            [
              {
                "backgroundColor": "transparent",
                "borderWidth": 0,
              },
              {
                "flex": 0,
                "height": 24,
                "width": 24,
              },
            ]
          }
          testID="next-icon"
          vbHeight={24}
          vbWidth={24}
          width={24}
          xmlns="http://www.w3.org/2000/svg"
        >
          <RNSVGGroup
            fill={null}
            propList={
              [
                "fill",
                "stroke",
                "strokeWidth",
                "strokeLinecap",
                "strokeLinejoin",
              ]
            }
            stroke={
              {
                "payload": 4294967295,
                "type": 0,
              }
            }
            strokeLinecap={1}
            strokeLinejoin={1}
            strokeWidth={2}
          >
            <RNSVGPath
              d="m9 18 6-6-6-6"
              fill={null}
              propList={
                [
                  "fill",
                  "stroke",
                  "strokeWidth",
                  "strokeLinecap",
                  "strokeLinejoin",
                ]
              }
              stroke={
                {
                  "payload": 4294967295,
                  "type": 0,
                }
              }
              strokeLinecap={1}
              strokeLinejoin={1}
              strokeWidth={2}
              testID="next-icon"
            />
          </RNSVGGroup>
        </RNSVGSvgView>
      </View>
    </View>
  </View>
</RNCSafeAreaView>
`;
