// Jest Snapshot v1, https://goo.gl/fbAQLP

exports[`EmailInputScreen Rendering should match snapshot 1`] = `
<View
  className="flex-1 bg-white"
>
  <View
    className="px-4 pt-12 pb-4"
  >
    <View
      accessibilityLabel="Go back"
      accessibilityState={
        {
          "busy": undefined,
          "checked": undefined,
          "disabled": undefined,
          "expanded": undefined,
          "selected": undefined,
        }
      }
      accessibilityValue={
        {
          "max": undefined,
          "min": undefined,
          "now": undefined,
          "text": undefined,
        }
      }
      accessible={true}
      collapsable={false}
      focusable={true}
      onClick={[Function]}
      onResponderGrant={[Function]}
      onResponderMove={[Function]}
      onResponderRelease={[Function]}
      onResponderTerminate={[Function]}
      onResponderTerminationRequest={[Function]}
      onStartShouldSetResponder={[Function]}
      style={
        {
          "opacity": 1,
        }
      }
    >
      <RNSVGSvgView
        align="xMidYMid"
        bbHeight={24}
        bbWidth={24}
        fill="none"
        focusable={false}
        height={24}
        meetOrSlice={0}
        minX={0}
        minY={0}
        stroke="#1F2937"
        strokeLinecap="round"
        strokeLinejoin="round"
        strokeWidth={2}
        style={
          [
            {
              "backgroundColor": "transparent",
              "borderWidth": 0,
            },
            {
              "flex": 0,
              "height": 24,
              "width": 24,
            },
          ]
        }
        vbHeight={24}
        vbWidth={24}
        width={24}
        xmlns="http://www.w3.org/2000/svg"
      >
        <RNSVGGroup
          fill={null}
          propList={
            [
              "fill",
              "stroke",
              "strokeWidth",
              "strokeLinecap",
              "strokeLinejoin",
            ]
          }
          stroke={
            {
              "payload": 4280232247,
              "type": 0,
            }
          }
          strokeLinecap={1}
          strokeLinejoin={1}
          strokeWidth={2}
        >
          <RNSVGPath
            d="m12 19-7-7 7-7"
            fill={null}
            propList={
              [
                "fill",
                "stroke",
                "strokeWidth",
                "strokeLinecap",
                "strokeLinejoin",
              ]
            }
            stroke={
              {
                "payload": 4280232247,
                "type": 0,
              }
            }
            strokeLinecap={1}
            strokeLinejoin={1}
            strokeWidth={2}
          />
          <RNSVGPath
            d="M19 12H5"
            fill={null}
            propList={
              [
                "fill",
                "stroke",
                "strokeWidth",
                "strokeLinecap",
                "strokeLinejoin",
              ]
            }
            stroke={
              {
                "payload": 4280232247,
                "type": 0,
              }
            }
            strokeLinecap={1}
            strokeLinejoin={1}
            strokeWidth={2}
          />
        </RNSVGGroup>
      </RNSVGSvgView>
    </View>
  </View>
  <View
    className="flex-1 px-4"
  >
    <Text
      className="text-3xl font-bold text-gray-900 mb-2"
    >
      What's your email?
    </Text>
    <Text
      className="text-base text-gray-500 mb-8"
    >
      We'll send you a secure code to verify your account.
    </Text>
    <View
      className="mb-6"
    >
      <TextInput
        accessibilityHint="Enter your email address"
        accessibilityLabel="Email input field"
        autoCapitalize="none"
        autoCorrect={false}
        className="w-full h-14 px-4 rounded-xl border-2 border-gray-200 text-gray-900 text-base"
        keyboardType="email-address"
        onChangeText={[Function]}
        placeholder="name@example.com"
        placeholderTextColor="#9CA3AF"
        value=""
      />
    </View>
  </View>
  <View
    className="px-4 pb-8"
  >
    <View
      accessibilityHint="Proceed to verification"
      accessibilityLabel="Continue button"
      accessibilityState={
        {
          "busy": undefined,
          "checked": undefined,
          "disabled": true,
          "expanded": undefined,
          "selected": undefined,
        }
      }
      accessibilityValue={
        {
          "max": undefined,
          "min": undefined,
          "now": undefined,
          "text": undefined,
        }
      }
      accessible={true}
      collapsable={false}
      focusable={false}
      onClick={[Function]}
      onResponderGrant={[Function]}
      onResponderMove={[Function]}
      onResponderRelease={[Function]}
      onResponderTerminate={[Function]}
      onResponderTerminationRequest={[Function]}
      onStartShouldSetResponder={[Function]}
      style={
        {
          "opacity": 1,
        }
      }
    >
      <Text
        className="text-white text-base font-semibold"
      >
        Continue
      </Text>
    </View>
  </View>
</View>
`;
