// Jest Snapshot v1, https://goo.gl/fbAQLP

exports[`OTPVerification Rendering should match snapshot 1`] = `
<View
  className="flex-1 bg-white"
>
  <View
    className="p-4 flex-row items-center"
  >
    <View
      accessibilityLabel="Go back"
      accessibilityState={
        {
          "busy": undefined,
          "checked": undefined,
          "disabled": undefined,
          "expanded": undefined,
          "selected": undefined,
        }
      }
      accessibilityValue={
        {
          "max": undefined,
          "min": undefined,
          "now": undefined,
          "text": undefined,
        }
      }
      accessible={true}
      collapsable={false}
      focusable={true}
      onClick={[Function]}
      onResponderGrant={[Function]}
      onResponderMove={[Function]}
      onResponderRelease={[Function]}
      onResponderTerminate={[Function]}
      onResponderTerminationRequest={[Function]}
      onStartShouldSetResponder={[Function]}
      style={
        {
          "opacity": 1,
        }
      }
    >
      <RNSVGSvgView
        align="xMidYMid"
        bbHeight={24}
        bbWidth={24}
        fill="none"
        focusable={false}
        height={24}
        meetOrSlice={0}
        minX={0}
        minY={0}
        stroke="#1F2937"
        strokeLinecap="round"
        strokeLinejoin="round"
        strokeWidth={2}
        style={
          [
            {
              "backgroundColor": "transparent",
              "borderWidth": 0,
            },
            {
              "flex": 0,
              "height": 24,
              "width": 24,
            },
          ]
        }
        vbHeight={24}
        vbWidth={24}
        width={24}
        xmlns="http://www.w3.org/2000/svg"
      >
        <RNSVGGroup
          fill={null}
          propList={
            [
              "fill",
              "stroke",
              "strokeWidth",
              "strokeLinecap",
              "strokeLinejoin",
            ]
          }
          stroke={
            {
              "payload": 4280232247,
              "type": 0,
            }
          }
          strokeLinecap={1}
          strokeLinejoin={1}
          strokeWidth={2}
        >
          <RNSVGPath
            d="m12 19-7-7 7-7"
            fill={null}
            propList={
              [
                "fill",
                "stroke",
                "strokeWidth",
                "strokeLinecap",
                "strokeLinejoin",
              ]
            }
            stroke={
              {
                "payload": 4280232247,
                "type": 0,
              }
            }
            strokeLinecap={1}
            strokeLinejoin={1}
            strokeWidth={2}
          />
          <RNSVGPath
            d="M19 12H5"
            fill={null}
            propList={
              [
                "fill",
                "stroke",
                "strokeWidth",
                "strokeLinecap",
                "strokeLinejoin",
              ]
            }
            stroke={
              {
                "payload": 4280232247,
                "type": 0,
              }
            }
            strokeLinecap={1}
            strokeLinejoin={1}
            strokeWidth={2}
          />
        </RNSVGGroup>
      </RNSVGSvgView>
    </View>
  </View>
  <View
    className="px-6 pt-6"
  >
    <Text
      className="text-2xl font-bold text-gray-900"
    >
      Verify your email
    </Text>
    <Text
      className="mt-2 text-gray-600"
    >
      Enter the code sent to 
      <Text
        style={
          {
            "fontWeight": "bold",
          }
        }
      >
        test
      </Text>
    </Text>
    <View
      className="flex-row justify-between mt-8"
    >
      <TextInput
        accessibilityLabel="OTP digit 1"
        className="w-12 h-12 border-2 rounded-xl text-center text-xl
                border-gray-300
                leading-[46px]"
        keyboardType="number-pad"
        maxLength={1}
        onChangeText={[Function]}
        onKeyPress={[Function]}
        value=""
      />
      <TextInput
        accessibilityLabel="OTP digit 2"
        className="w-12 h-12 border-2 rounded-xl text-center text-xl
                border-gray-300
                leading-[46px]"
        keyboardType="number-pad"
        maxLength={1}
        onChangeText={[Function]}
        onKeyPress={[Function]}
        value=""
      />
      <TextInput
        accessibilityLabel="OTP digit 3"
        className="w-12 h-12 border-2 rounded-xl text-center text-xl
                border-gray-300
                leading-[46px]"
        keyboardType="number-pad"
        maxLength={1}
        onChangeText={[Function]}
        onKeyPress={[Function]}
        value=""
      />
      <TextInput
        accessibilityLabel="OTP digit 4"
        className="w-12 h-12 border-2 rounded-xl text-center text-xl
                border-gray-300
                leading-[46px]"
        keyboardType="number-pad"
        maxLength={1}
        onChangeText={[Function]}
        onKeyPress={[Function]}
        value=""
      />
      <TextInput
        accessibilityLabel="OTP digit 5"
        className="w-12 h-12 border-2 rounded-xl text-center text-xl
                border-gray-300
                leading-[46px]"
        keyboardType="number-pad"
        maxLength={1}
        onChangeText={[Function]}
        onKeyPress={[Function]}
        value=""
      />
      <TextInput
        accessibilityLabel="OTP digit 6"
        className="w-12 h-12 border-2 rounded-xl text-center text-xl
                border-gray-300
                leading-[46px]"
        keyboardType="number-pad"
        maxLength={1}
        onChangeText={[Function]}
        onKeyPress={[Function]}
        value=""
      />
    </View>
    <View
      className="flex-row items-center justify-center mt-8 space-x-1"
    >
      <Text
        className="text-gray-600"
      >
        02:00
      </Text>
      <Text
        className="text-gray-600"
      >
        I didn't receive code.
      </Text>
      <View
        accessibilityState={
          {
            "busy": undefined,
            "checked": undefined,
            "disabled": true,
            "expanded": undefined,
            "selected": undefined,
          }
        }
        accessibilityValue={
          {
            "max": undefined,
            "min": undefined,
            "now": undefined,
            "text": undefined,
          }
        }
        accessible={true}
        collapsable={false}
        focusable={false}
        onClick={[Function]}
        onResponderGrant={[Function]}
        onResponderMove={[Function]}
        onResponderRelease={[Function]}
        onResponderTerminate={[Function]}
        onResponderTerminationRequest={[Function]}
        onStartShouldSetResponder={[Function]}
        style={
          {
            "opacity": 1,
          }
        }
      >
        <Text
          className="text-gray-400"
        >
          Resend
        </Text>
      </View>
    </View>
  </View>
  <View
    className="px-6 absolute bottom-8 w-full"
  >
    <View
      accessibilityLabel="Verify and create account"
      accessibilityState={
        {
          "busy": undefined,
          "checked": undefined,
          "disabled": true,
          "expanded": undefined,
          "selected": undefined,
        }
      }
      accessibilityValue={
        {
          "max": undefined,
          "min": undefined,
          "now": undefined,
          "text": undefined,
        }
      }
      accessible={true}
      collapsable={false}
      focusable={false}
      onClick={[Function]}
      onResponderGrant={[Function]}
      onResponderMove={[Function]}
      onResponderRelease={[Function]}
      onResponderTerminate={[Function]}
      onResponderTerminationRequest={[Function]}
      onStartShouldSetResponder={[Function]}
      style={
        {
          "opacity": 1,
        }
      }
    >
      <Text
        className="text-white font-semibold"
      >
        Verify & Create Account
      </Text>
    </View>
  </View>
</View>
`;
